// Jest Snapshot v1, https://goo.gl/fbAQLP

exports[`ArticlesOverview component should render ArticlesOverview component 1`] = `ShallowWrapper {}`;
