// Jest Snapshot v1, https://goo.gl/fbAQLP

exports[`ArticleImagePannel component should render ArticleImagePannel component 1`] = `ShallowWrapper {}`;
