// Jest Snapshot v1, https://goo.gl/fbAQLP

exports[`ArticlePreview component should render ArticlePreview component 1`] = `ReactWrapper {}`;
