// Jest Snapshot v1, https://goo.gl/fbAQLP

exports[`EditArticle component should render EditArticle component 1`] = `ReactWrapper {}`;
