// Jest Snapshot v1, https://goo.gl/fbAQLP

exports[`CreateArticle component should render CreateArticle component 1`] = `ReactWrapper {}`;
