// Jest Snapshot v1, https://goo.gl/fbAQLP

exports[`FormComponent component should render FormComponent component 1`] = `ShallowWrapper {}`;
