// Jest Snapshot v1, https://goo.gl/fbAQLP

exports[`ArticleReadMore component should render ArticleReadMore component 1`] = `ShallowWrapper {}`;
