// Jest Snapshot v1, https://goo.gl/fbAQLP

exports[`ArticlePannel component should render ArticlePannel component 1`] = `ShallowWrapper {}`;
