// Jest Snapshot v1, https://goo.gl/fbAQLP

exports[`CreateOrEditPage component should render CreateOrEditPage component 1`] = `ShallowWrapper {}`;
