// Jest Snapshot v1, https://goo.gl/fbAQLP

exports[`Alert Component should render Alert component 1`] = `ShallowWrapper {}`;
