// Jest Snapshot v1, https://goo.gl/fbAQLP

exports[`ReadArticlePage component should render ReadArticlePage component 1`] = `ShallowWrapper {}`;
