// Jest Snapshot v1, https://goo.gl/fbAQLP

exports[`CreateOrEditPage component should render HomePage component 1`] = `ShallowWrapper {}`;
