// Jest Snapshot v1, https://goo.gl/fbAQLP

exports[`FormTextarea component should render FormTextarea component 1`] = `ShallowWrapper {}`;
